| RAM[0] |RAM[261]|RAM[262]|
|    262 |      0 |      8 |
